#162.243.13.195 - - [14/Aug/2019:09:31:49 +0300] "GET /wp-admin/admin-post.php?page=301bulkoptions HTTP/1.1" 200 31 "http://dbadmins.ru/wp-admin/admin-post.php?page=301bulkoptions" "Mozilla/5.0 (Windows NT 6.1; WOW64) AppleWebKit/537.36 (KHTML, like Gecko) Chrome/36.0.1985.143 Safari/537.36"rt=0.360 uct="0.000" uht="0.360" urt="0.360"
#162.243.13.195 - - [14/Aug/2019:09:31:50 +0300] "POST /wp-admin/admin-ajax.php?page=301bulkoptions HTTP/1.1" 301 185 "-" "Mozilla/5.0 (Windows NT 6.1; WOW64) AppleWebKit/537.36 (KHTML, like Gecko) Chrome/36.0.1985.143 Safari/537.36"rt=0.000 uct="-" uht="-" urt="-"
162.243.13.195 - - [14/Aug/2019:09:31:50 +0300] "GET /wp-admin/admin-ajax.php?page=301bulkoptions HTTP/1.1" 400 11 "http://dbadmins.ru/wp-admin/admin-ajax.php?page=301bulkoptions" "Mozilla/5.0 (Windows NT 6.1; WOW64) AppleWebKit/537.36 (KHTML, like Gecko) Chrome/36.0.1985.143 Safari/537.36"rt=0.237 uct="0.000" uht="0.237" urt="0.237"
162.243.13.195 - - [14/Aug/2019:09:31:50 +0300] "POST / HTTP/1.1" 301 185 "-" "Mozilla/5.0 (Windows NT 6.1; WOW64) AppleWebKit/537.36 (KHTML, like Gecko) Chrome/36.0.1985.143 Safari/537.36"rt=0.000 uct="-" uht="-" urt="-"
162.243.13.195 - - [14/Aug/2019:09:31:50 +0300] "GET / HTTP/1.1" 200 14475 "http://dbadmins.ru" "Mozilla/5.0 (Windows NT 6.1; WOW64) AppleWebKit/537.36 (KHTML, like Gecko) Chrome/36.0.1985.143 Safari/537.36"rt=0.276 uct="0.000" uht="0.189" urt="0.276"
#162.243.13.195 - - [14/Aug/2019:09:31:51 +0300] "GET /1 HTTP/1.1" 301 185 "-" "Mozilla/5.0 (Windows NT 6.1; Win64; x64; rv:64.0) Gecko/20100101 Firefox/64.0"rt=0.096 uct="-" uht="-" urt="-"
#162.243.13.195 - - [14/Aug/2019:09:31:52 +0300] "GET /1 HTTP/1.1" 404 29500 "http://dbadmins.ru/1" "Mozilla/5.0 (Windows NT 6.1; Win64; x64; rv:64.0) Gecko/20100101 Firefox/64.0"rt=0.303 uct="0.000" uht="0.180" urt="0.230"
#210.14.72.78 - - [14/Aug/2019:09:48:27 +0300] "GET /wp-login.php HTTP/1.1" 200 1338 "-" "Mozilla/5.0 (X11; Ubuntu; Linux x86_64; rv:62.0) Gecko/20100101 Firefox/62.0"rt=0.194 uct="0.000" uht="0.194" urt="0.194"
#210.14.72.78 - - [14/Aug/2019:09:48:28 +0300] "POST /wp-login.php HTTP/1.1" 200 1721 "-" "Mozilla/5.0 (X11; Ubuntu; Linux x86_64; rv:62.0) Gecko/20100101 Firefox/62.0"rt=0.413 uct="0.000" uht="0.192" urt="0.192"
